[www.leggimenu.it/menu/versionecompatta/115646.html]
[backblue.gif]
[fade.gif]
[index.html]
[admin.leggimenu.it/uploads/impostazioni/79pk9dqn7hr1/59190131262e14f6a3a8e44.97971776.jpg]
[www.leggimenu.it/menu/assets/images/icons/apple-touch-iconc619.png]
[www.leggimenu.it/menu/assets/images/icons/apple-touch-icon-57x57c619.png]
[www.leggimenu.it/menu/assets/images/icons/apple-touch-icon-72x72c619.png]
[www.leggimenu.it/menu/assets/images/icons/apple-touch-icon-76x76c619.png]
[www.leggimenu.it/menu/assets/images/icons/apple-touch-icon-112x112c619.png]
[www.leggimenu.it/menu/assets/images/icons/apple-touch-icon-114x114c619.png]
[www.leggimenu.it/menu/assets/images/icons/apple-touch-icon-120x120c619.png]
[www.leggimenu.it/menu/assets/images/icons/apple-touch-icon-144x144c619.png]
[www.leggimenu.it/menu/assets/images/icons/apple-touch-icon-152x152c619.png]
[www.leggimenu.it/menu/assets/images/icons/apple-touch-icon-180x180c619.png]
[www.leggimenu.it/menu/assets/images/icons/app-icon-144x144c619.png]
[www.leggimenu.it/menu/assets/css/bootstrapb307.css]
[www.leggimenu.it/menu/assets/css/styled943.css]
[www.leggimenu.it/menu/assets/css/custom16eb.css]
[www.leggimenu.it/menu/assets/css/jquery.lm.cartb307.css]
[www.leggimenu.it/menu/assets/gfonts/css/source-sans-pro.css]
[www.leggimenu.it/menu/assets/gfonts/css/roboto.css]
[www.leggimenu.it/menu/assets/fonts/css/fontawesome-all.minc619.css]
[admin.leggimenu.it/uploads/impostazioni/79pk9dqn7hr1/119118383262e14f26bd4f73.41968704.png]
[www.leggimenu.it/menu/versionecompatta/115647.html]
[www.leggimenu.it/menu/versionecompatta/115648.html]
[www.leggimenu.it/menu/versionecompatta/115652.html]
[www.leggimenu.it/menu/versionecompatta/115649.html]
[www.leggimenu.it/menu/versionecompatta/115650.html]
[www.leggimenu.it/menu/versionecompatta/115651.html]
[www.leggimenu.it/menu/versionecompatta/115653.html]
[www.leggimenu.it/menu/assets/images/icona-surgelato.png]
[www.leggimenu.it/menu/assets/images/icona-noglutine.png]
[www.leggimenu.it/menu/assets/images/icona-abbattuto.png]
[www.leggimenu.it/menu/assets/images/icona-piccante.png]
[www.leggimenu.it/menu/assets/images/icona-vegetariano.png]
[www.leggimenu.it/menu/assets/images/icona-vegano.png]
[www.leggimenu.it/menu/assets/images/icona-nolattosio.png]
[www.leggimenu.it/menu/assets/images/icona-biologico.png]
[admin.leggimenu.it/uploads/categorie/75q44/15781331575f467c7b0d95f2.53495896.jpg]
[admin.leggimenu.it/uploads/voci/75q44/7040733885f1afa3eaf8d43.57332733.jpg]
[admin.leggimenu.it/uploads/voci/75q44/8748201755f1afa434f98b9.12481747.jpg]
[admin.leggimenu.it/uploads/voci/75q44/13583190345f1afa4b1e8d12.81479538.jpg]
[www.leggimenu.it/cdn-cgi/scripts/5c5dd728/cloudflare-static/email-decode.min.js]
[www.leggimenu.it/menu/assets/js/jqueryb307.js]
[www.leggimenu.it/menu/assets/js/bootstrap.minb307.js]
[www.leggimenu.it/menu/assets/js/jquery.cookie.minb307.js]
[www.leggimenu.it/menu/assets/js/underscore-minb307.js]
[www.leggimenu.it/menu/assets/js/cookiescart22e5.js]
[www.leggimenu.it/menu/assets/js/jquery.lm.cartd943.js]
[www.leggimenu.it/menu/assets/js/jquery.lm.reservationb447.js]
[www.leggimenu.it/menu/assets/js/customfac5.js]
[translate.google.com/translate_a/elementa0d8.js]
[www.leggimenu.it/menu/versionecompatta/115646.html]
[www.leggimenu.it/menu/assets/css/bootstrapb307.css]
[www.leggimenu.it/menu/assets/css/images/mountain.jpg]
[www.leggimenu.it/menu/assets/images/loading.gif]
[www.leggimenu.it/menu/assets/images/prev.png]
[www.leggimenu.it/menu/assets/images/next.png]
[www.leggimenu.it/menu/assets/images/close.png]
[www.leggimenu.it/menu/assets/css/owl.video.play.png]
[www.leggimenu.it/menu/assets/css/styled943.css]
[www.leggimenu.it/menu/assets/images/flags/Italiano.png]
[www.leggimenu.it/menu/assets/images/flags/Inglese.png]
[www.leggimenu.it/menu/assets/images/flags/Francese.png]
[www.leggimenu.it/menu/assets/images/flags/Spagnolo.png]
[www.leggimenu.it/menu/assets/images/flags/Tedesco.png]
[www.leggimenu.it/menu/assets/css/custom16eb.css]
[www.leggimenu.it/menu/assets/css/jquery.lm.cartb307.css]
[www.leggimenu.it/menu/assets/gfonts/css/source-sans-pro.css]
[www.leggimenu.it/menu/assets/gfonts/css/roboto.css]
[www.leggimenu.it/menu/assets/fonts/css/fontawesome-all.minc619.css]
[admin.leggimenu.it/uploads/categorie/75q44/11171910655f395375e7da35.66348107.jpg]
[admin.leggimenu.it/uploads/voci/75q44/1155753075f1afa8095f509.27971113.jpg]
[admin.leggimenu.it/uploads/voci/75q44/9012703125f1afa84eb25a2.87226173.jpg]
[www.leggimenu.it/menu/versionecompatta/115647.html]
[admin.leggimenu.it/uploads/voci/75q44/13729768005f1afa8968b318.81896289.jpg]
[admin.leggimenu.it/uploads/categorie/75q44/18080967225f395394e2ae97.82653930.jpg]
[admin.leggimenu.it/uploads/voci/75q44/21237250045f1b04bdeb2781.68766434.jpg]
[www.leggimenu.it/menu/versionecompatta/115648.html]
[admin.leggimenu.it/uploads/voci/75q44/6635276555f1b04b4b47490.49990138.jpg]
[admin.leggimenu.it/uploads/voci/75q44/12248606245f1b04c43dff33.96175100.jpg]
[admin.leggimenu.it/uploads/categorie/75q44/11236140165f3953d241dbf5.48539378.jpg]
[admin.leggimenu.it/uploads/voci/75q44/12698275115f1b2f51c3aba8.60420324.jpg]
[admin.leggimenu.it/uploads/voci/75q44/17160368145f1b2f59a0ecc2.62731048.jpg]
[www.leggimenu.it/menu/versionecompatta/115652.html]
[admin.leggimenu.it/uploads/categorie/75q44/1333367135f3953e3dd1922.74678662.jpg]
[admin.leggimenu.it/uploads/voci/75q44/9983080605f1b2f60ca7e36.12254825.png]
[admin.leggimenu.it/uploads/voci/75q44/12258401055f1b06fe63b984.37715357.jpg]
[www.leggimenu.it/menu/versionecompatta/115649.html]
[admin.leggimenu.it/uploads/voci/75q44/17207462675f1b06b9242550.96741831.jpg]
[admin.leggimenu.it/uploads/categorie/75q44/3455676225f3953ea500d77.88284474.jpg]
[admin.leggimenu.it/uploads/voci/75q44/5162564025f1af201338631.50885736.jpg]
[admin.leggimenu.it/uploads/voci/75q44/18570983305f1af208106035.47323749.jpg]
[www.leggimenu.it/menu/versionecompatta/115650.html]
[admin.leggimenu.it/uploads/voci/75q44/6757958375f1af7365feba3.06968192.jpg]
[admin.leggimenu.it/uploads/categorie/75q44/1329275705f3953f26b0b06.73275257.jpg]
[admin.leggimenu.it/uploads/voci/75q44/11225572415f1af782be61b6.02785321.jpg]
[admin.leggimenu.it/uploads/voci/75q44/668597225f1af7876c77d2.62785655.jpg]
[admin.leggimenu.it/uploads/voci/75q44/2948027365f1af78c395d50.68077530.jpg]
[www.leggimenu.it/menu/versionecompatta/115651.html]
[admin.leggimenu.it/uploads/categorie/75q44/4746402035f3953fcba7654.31598206.jpg]
[admin.leggimenu.it/uploads/voci/79pk9dqn7hr1/84484080562e1511a847cb6.20087729.jpg]
[www.leggimenu.it/menu/versionecompatta/115653.html]
[www.leggimenu.it/menu/assets/css/images/mountain.html]
[www.leggimenu.it/menu/assets/css/owl.video.play.html]
